[preview.colorlib.com/theme/yogabest/index.html]
[backblue.gif]
[fade.gif]
[index.html]
[stackpath.bootstrapcdn.com/font-awesome/4.7.0/css/font-awesome.min.css]
[preview.colorlib.com/theme/yogabest/css/owl.carousel.min.css]
[preview.colorlib.com/theme/yogabest/css/owl.theme.default.min.css]
[preview.colorlib.com/theme/yogabest/css/magnific-popup.css]
[preview.colorlib.com/theme/yogabest/css/style.css]
[preview.colorlib.com/theme/yogabest/index-2.html]
[preview.colorlib.com/theme/yogabest/about.html]
[preview.colorlib.com/theme/yogabest/trainer.html]
[preview.colorlib.com/theme/yogabest/classes.html]
[preview.colorlib.com/theme/yogabest/schedule.html]
[preview.colorlib.com/theme/yogabest/blog.html]
[preview.colorlib.com/theme/yogabest/contact.html]
[preview.colorlib.com/theme/yogabest/images/bg_1.jpg]
[preview.colorlib.com/theme/yogabest/images/about.jpg]
[preview.colorlib.com/theme/yogabest/images/about-2.jpg]
[preview.colorlib.com/theme/yogabest/images/bg_3.jpg]
[preview.colorlib.com/theme/yogabest/images/about.png]
[preview.colorlib.com/theme/yogabest/images/bg_2.jpg]
[preview.colorlib.com/theme/yogabest/images/classes-1.jpg]
[preview.colorlib.com/theme/yogabest/images/classes-2.jpg]
[preview.colorlib.com/theme/yogabest/images/classes-3.jpg]
[preview.colorlib.com/theme/yogabest/images/classes-4.jpg]
[preview.colorlib.com/theme/yogabest/images/classes-5.jpg]
[preview.colorlib.com/theme/yogabest/images/classes-6.jpg]
[preview.colorlib.com/theme/yogabest/images/person_1.jpg]
[preview.colorlib.com/theme/yogabest/images/person_2.jpg]
[preview.colorlib.com/theme/yogabest/images/classes-7.jpg]
[preview.colorlib.com/theme/yogabest/images/trainer-1.jpg]
[preview.colorlib.com/theme/yogabest/images/trainer-2.jpg]
[preview.colorlib.com/theme/yogabest/images/trainer-3.jpg]
[preview.colorlib.com/theme/yogabest/images/trainer-4.jpg]
[preview.colorlib.com/theme/yogabest/blog-single.html]
[preview.colorlib.com/theme/yogabest/images/image_1.jpg]
[preview.colorlib.com/theme/yogabest/images/image_2.jpg]
[preview.colorlib.com/theme/yogabest/images/image_3.jpg]
[preview.colorlib.com/cdn-cgi/scripts/5c5dd728/cloudflare-static/email-decode.min.js]
[preview.colorlib.com/theme/yogabest/js/jquery.min.js]
[preview.colorlib.com/theme/yogabest/js/jquery-migrate-3.0.1.min.js]
[preview.colorlib.com/theme/yogabest/js/popper.min.js]
[preview.colorlib.com/theme/yogabest/js/bootstrap.min.js]
[preview.colorlib.com/theme/yogabest/js/jquery.easing.1.3.js]
[preview.colorlib.com/theme/yogabest/js/jquery.waypoints.min.js]
[preview.colorlib.com/theme/yogabest/js/jquery.stellar.min.js]
[preview.colorlib.com/theme/yogabest/js/owl.carousel.min.js]
[preview.colorlib.com/theme/yogabest/js/jquery.magnific-popup.min.js]
[preview.colorlib.com/theme/yogabest/js/jquery.animateNumber.min.js]
[preview.colorlib.com/theme/yogabest/js/scrollax.min.js]
[preview.colorlib.com/theme/yogabest/js/google-map.js]
[preview.colorlib.com/theme/yogabest/index.html]
[stackpath.bootstrapcdn.com/font-awesome/4.7.0/css/font-awesome.min.css]
[preview.colorlib.com/theme/yogabest/js/main.js]
[preview.colorlib.com/theme/yogabest/css/animate.css]
[preview.colorlib.com/theme/yogabest/css/owl.video.play.35.delayed]
[preview.colorlib.com/theme/yogabest/css/owl.carousel.min.css]
[preview.colorlib.com/theme/yogabest/css/owl.theme.default.min.css]
[preview.colorlib.com/theme/yogabest/css/magnific-popup.css]
[preview.colorlib.com/theme/yogabest/css/style.css]
[preview.colorlib.com/cdn-cgi/zaraz/sd0d9.js]
[preview.colorlib.com/theme/yogabest/index-2.html]
[preview.colorlib.com/theme/yogabest/images/bg_4.jpg]
[preview.colorlib.com/theme/yogabest/about.html]
[preview.colorlib.com/theme/yogabest/trainer.html]
[preview.colorlib.com/theme/yogabest/classes.html]
[preview.colorlib.com/theme/yogabest/schedule.html]
[preview.colorlib.com/theme/yogabest/css/flaticon.css]
[preview.colorlib.com/theme/yogabest/images/image_4.jpg]
[preview.colorlib.com/theme/yogabest/images/image_5.jpg]
[preview.colorlib.com/theme/yogabest/images/image_6.jpg]
[preview.colorlib.com/theme/yogabest/blog.html]
[preview.colorlib.com/theme/yogabest/contact.html]
[preview.colorlib.com/theme/yogabest/blog-single.html]
[preview.colorlib.com/theme/yogabest/css/animate.css]
[preview.colorlib.com/theme/yogabest/css/owl.video.play.html]
[preview.colorlib.com/theme/yogabest/images/person_3.jpg]
[preview.colorlib.com/theme/yogabest/fonts/flaticon/font/Flaticon.eot]
[preview.colorlib.com/theme/yogabest/fonts/flaticon/font/Flaticond41d.eot]
[preview.colorlib.com/theme/yogabest/fonts/flaticon/font/Flaticon.woff]
[preview.colorlib.com/theme/yogabest/images/about.png]
[preview.colorlib.com/theme/yogabest/fonts/flaticon/font/Flaticon.svg]
[preview.colorlib.com/theme/yogabest/css/flaticon.css]
[preview.colorlib.com/theme/yogabest/fonts/flaticon/font/Flaticon.ttf]
[preview.colorlib.com/theme/yogabest/images/bg_4.jpg]
[preview.colorlib.com/theme/yogabest/fonts/flaticon/font/Flaticon.svg]
